nohup: ignoring input
Output file: results/llama_scout/eval_de_llama_scout_base.csv
Total: 2052 | done: 0 | remaining: 2052
[1/2052 | overall 1/2052] generating... response=1
[2/2052 | overall 2/2052] generating... response=0
[3/2052 | overall 3/2052] generating... response=1
[4/2052 | overall 4/2052] generating... response=1
[5/2052 | overall 5/2052] generating... response=1
[6/2052 | overall 6/2052] generating... response=1
[7/2052 | overall 7/2052] generating... response=1
[8/2052 | overall 8/2052] generating... response=1
[9/2052 | overall 9/2052] generating... response=1
[10/2052 | overall 10/2052] generating... response=0
[11/2052 | overall 11/2052] generating... response=1
[12/2052 | overall 12/2052] generating... response=0
[13/2052 | overall 13/2052] generating... response=0
[14/2052 | overall 14/2052] generating... response=0
[15/2052 | overall 15/2052] generating... response=1
[16/2052 | overall 16/2052] generating... response=1
[17/2052 | overall 17/2052] generating... response=0
[18/2052 | overall 18/2052] generating... response=0
[19/2052 | overall 19/2052] generating... response=1
[20/2052 | overall 20/2052] generating... response=1
[21/2052 | overall 21/2052] generating... response=1
[22/2052 | overall 22/2052] generating... response=0
[23/2052 | overall 23/2052] generating... response=1
[24/2052 | overall 24/2052] generating... response=1
[25/2052 | overall 25/2052] generating... response=0
[26/2052 | overall 26/2052] generating... response=0
[27/2052 | overall 27/2052] generating... response=0
[28/2052 | overall 28/2052] generating... response=0
[29/2052 | overall 29/2052] generating... response=0
[30/2052 | overall 30/2052] generating... response=0
[31/2052 | overall 31/2052] generating... response=1
[32/2052 | overall 32/2052] generating... response=0
[33/2052 | overall 33/2052] generating... response=0
[34/2052 | overall 34/2052] generating... response=1
[35/2052 | overall 35/2052] generating... response=1
[36/2052 | overall 36/2052] generating... response=0
[37/2052 | overall 37/2052] generating... response=1
[38/2052 | overall 38/2052] generating... response=0
[39/2052 | overall 39/2052] generating... response=0
[40/2052 | overall 40/2052] generating... response=0
[41/2052 | overall 41/2052] generating... response=0
[42/2052 | overall 42/2052] generating... response=1
[43/2052 | overall 43/2052] generating... response=1
[44/2052 | overall 44/2052] generating... response=1
[45/2052 | overall 45/2052] generating... response=1
[46/2052 | overall 46/2052] generating... response=0
[47/2052 | overall 47/2052] generating... response=0
[48/2052 | overall 48/2052] generating... response=1
[49/2052 | overall 49/2052] generating... response=1
[50/2052 | overall 50/2052] generating... response=1
[51/2052 | overall 51/2052] generating... response=1
[52/2052 | overall 52/2052] generating... response=0
[53/2052 | overall 53/2052] generating... response=1
[54/2052 | overall 54/2052] generating... response=1
[55/2052 | overall 55/2052] generating... response=1
[56/2052 | overall 56/2052] generating... 